// Jest Snapshot v1, https://goo.gl/fbAQLP

exports[`Component::ButtonsContainer should render correctly 1`] = `
<div
  className="pokemon-header"
>
  <Link
    className="pokemon-header-main"
    title="PokeDex"
    to="/"
  >
    PokeDex
  </Link>
  <br />
  <span
    className="pokemon-header-sub"
  >
    Totally not a rip-off!
  </span>
</div>
`;
